Flutter crash report.
Please report a bug at https://github.com/flutter/flutter/issues.

## command

flutter drive --driver=test_driver/integration_test.dart --target=integration_test/app_test.dart -d chrome

## exception

SessionNotCreatedException: SessionNotCreatedException (500): session not created: This version of ChromeDriver only supports Chrome version 151
Current browser version is 150.0.7871.182 with binary path /Applications/Google Chrome.app/Contents/MacOS/Google Chrome

```
#0      parseW3cResponse (package:webdriver/src/handler/w3c/utils.dart:81:9)
#1      W3cSessionHandler.parseCreateResponse (package:webdriver/src/handler/w3c/session.dart:19:21)
#2      InferSessionHandler.parseCreateResponse (package:webdriver/src/handler/infer_handler.dart:106:34)
#3      AsyncRequestClient.send (package:webdriver/src/common/request_client.dart:96:32)
<asynchronous suspension>
#4      createDriver (package:webdriver/async_core.dart:62:19)
<asynchronous suspension>
#5      WebDriverService.startTest (package:flutter_tools/src/drive/web_driver_service.dart:163:19)
<asynchronous suspension>
#6      DriveCommand.runCommand (package:flutter_tools/src/commands/drive.dart:363:30)
<asynchronous suspension>
#7      FlutterCommand.run.<anonymous closure> (package:flutter_tools/src/runner/flutter_command.dart:1558:27)
<asynchronous suspension>
#8      AppContext.run.<anonymous closure> (package:flutter_tools/src/base/context.dart:154:19)
<asynchronous suspension>
#9      CommandRunner.runCommand (package:args/command_runner.dart:212:13)
<asynchronous suspension>
#10     FlutterCommandRunner.runCommand.<anonymous closure> (package:flutter_tools/src/runner/flutter_command_runner.dart:496:9)
<asynchronous suspension>
#11     AppContext.run.<anonymous closure> (package:flutter_tools/src/base/context.dart:154:19)
<asynchronous suspension>
#12     FlutterCommandRunner.runCommand (package:flutter_tools/src/runner/flutter_command_runner.dart:431:5)
<asynchronous suspension>
#13     run.<anonymous closure>.<anonymous closure> (package:flutter_tools/runner.dart:98:11)
<asynchronous suspension>
#14     AppContext.run.<anonymous closure> (package:flutter_tools/src/base/context.dart:154:19)
<asynchronous suspension>
#15     main (package:flutter_tools/executable.dart:99:3)
<asynchronous suspension>
```

## flutter doctor

```
[32m[✓][39m Flutter (Channel stable, 3.29.3, on macOS 26.3.1 25D771280a darwin-arm64, locale en-RW) [1,273ms]
    [32m•[39m Flutter version 3.29.3 on channel stable at /Users/kigali/Desktop/KGL/My Projects /mobile-development/flutter
    [32m•[39m Upstream repository https://github.com/flutter/flutter.git
    [32m•[39m Framework revision ea121f8859 (1 year, 3 months ago), 2025-04-11 19:10:07 +0000
    [32m•[39m Engine revision cf56914b32
    [32m•[39m Dart version 3.7.2
    [32m•[39m DevTools version 2.42.3

[33m[!][39m Android toolchain - develop for Android devices (Android SDK version 34.0.0) [3.5s]
    [32m•[39m Android SDK at /Users/kigali/Library/Android/sdk
    [31m✗[39m cmdline-tools component is missing
      Run `path/to/sdkmanager --install "cmdline-tools;latest"`
      See https://developer.android.com/studio/command-line for more details.
    [31m✗[39m Android license status unknown.
      Run `flutter doctor --android-licenses` to accept the SDK licenses.
      See https://flutter.dev/to/macos-android-setup for more details.

[32m[✓][39m Xcode - develop for iOS and macOS (Xcode 26.3) [2.3s]
    [32m•[39m Xcode at /Applications/Xcode.app/Contents/Developer
    [32m•[39m Build 17C529
    [32m•[39m CocoaPods version 1.16.2

[32m[✓][39m Chrome - develop for the web [4ms]
    [32m•[39m Chrome at /Applications/Google Chrome.app/Contents/MacOS/Google Chrome

[33m[!][39m Android Studio (not installed) [4ms]
    [32m•[39m Android Studio not found; download from https://developer.android.com/studio/index.html
      (or visit https://flutter.dev/to/macos-android-setup for detailed instructions).

[32m[✓][39m VS Code (version 1.128.0) [4ms]
    [32m•[39m VS Code at /Users/kigali/Desktop/KGL/iCloud Drive (Archive)/Desktop/Visual Studio Code.app/Contents
    [32m•[39m Flutter extension version 3.138.0

[32m[✓][39m Connected device (3 available) [6.6s]
    [32m•[39m macOS (desktop)                 • macos                 • darwin-arm64   • macOS 26.3.1 25D771280a darwin-arm64
    [32m•[39m Mac Designed for iPad (desktop) • mac-designed-for-ipad • darwin         • macOS 26.3.1 25D771280a darwin-arm64
    [32m•[39m Chrome (web)                    • chrome                • web-javascript • Google Chrome 150.0.7871.182
    [33m![39m Error: Browsing on the local area network for Gatwaza’s iPhone. Ensure the device is unlocked and attached with a
      cable or associated with the same local area network as this Mac.
      The device must be opted into Developer Mode to connect wirelessly. (code -27)

[32m[✓][39m Network resources [812ms]
    [32m•[39m All expected network resources are available.

[33m![39m Doctor found issues in 2 categories.
```
